Mon Jul 21 18:31:31 -03 2025: Iniciando monitoramento de disco...
Mon Jul 21 18:51:51 -03 2025: Iniciando monitoramento de disco...
Mon Jul 21 19:26:24 -03 2025: Iniciando monitoramento de disco...
Tue Jul 22 07:10:09 -03 2025: Iniciando monitoramento de disco...
Tue Jul 22 09:33:25 -03 2025: Uso de disco alto: 91%. Iniciando limpeza...
Tue Jul 22 09:33:25 -03 2025: Uso após limpeza: 91%
Tue Jul 22 09:33:55 -03 2025: Uso de disco alto: 92%. Iniciando limpeza...
Tue Jul 22 09:33:55 -03 2025: Uso após limpeza: 92%
Tue Jul 22 09:34:25 -03 2025: Uso de disco alto: 92%. Iniciando limpeza...
Tue Jul 22 09:34:25 -03 2025: Uso após limpeza: 92%
Tue Jul 22 09:34:55 -03 2025: Uso de disco alto: 92%. Iniciando limpeza...
Tue Jul 22 09:34:55 -03 2025: Uso após limpeza: 92%
Tue Jul 22 09:35:25 -03 2025: Uso de disco alto: 92%. Iniciando limpeza...
Tue Jul 22 09:35:25 -03 2025: Uso após limpeza: 92%
Tue Jul 22 09:35:55 -03 2025: Uso de disco alto: 92%. Iniciando limpeza...
Tue Jul 22 09:35:55 -03 2025: Uso após limpeza: 92%
Tue Jul 22 09:36:25 -03 2025: Uso de disco alto: 92%. Iniciando limpeza...
Tue Jul 22 09:36:25 -03 2025: Uso após limpeza: 92%
Tue Jul 22 09:36:55 -03 2025: Uso de disco alto: 92%. Iniciando limpeza...
Tue Jul 22 09:36:55 -03 2025: Uso após limpeza: 92%
Tue Jul 22 09:37:25 -03 2025: Uso de disco alto: 92%. Iniciando limpeza...
Tue Jul 22 09:37:25 -03 2025: Uso após limpeza: 92%
Tue Jul 22 09:37:55 -03 2025: Uso de disco alto: 92%. Iniciando limpeza...
Tue Jul 22 09:37:55 -03 2025: Uso após limpeza: 92%
Tue Jul 22 09:38:25 -03 2025: Uso de disco alto: 92%. Iniciando limpeza...
Tue Jul 22 09:38:25 -03 2025: Uso após limpeza: 92%
Tue Jul 22 09:38:55 -03 2025: Uso de disco alto: 92%. Iniciando limpeza...
Tue Jul 22 09:38:55 -03 2025: Uso após limpeza: 92%
Tue Jul 22 09:39:25 -03 2025: Uso de disco alto: 92%. Iniciando limpeza...
Tue Jul 22 09:39:25 -03 2025: Uso após limpeza: 92%
Tue Jul 22 09:39:55 -03 2025: Uso de disco alto: 92%. Iniciando limpeza...
Tue Jul 22 09:39:55 -03 2025: Uso após limpeza: 92%
Tue Jul 22 09:40:25 -03 2025: Uso de disco alto: 92%. Iniciando limpeza...
Tue Jul 22 09:40:25 -03 2025: Uso após limpeza: 92%
Tue Jul 22 09:40:55 -03 2025: Uso de disco alto: 93%. Iniciando limpeza...
Tue Jul 22 09:40:55 -03 2025: Uso após limpeza: 93%
Tue Jul 22 10:46:34 -03 2025: Iniciando monitoramento de disco...
Tue Jul 22 13:26:09 -03 2025: Iniciando monitoramento de disco...
Tue Jul 22 13:26:32 -03 2025: Iniciando monitoramento de disco...
Fri Jul 25 12:25:51 -03 2025: Iniciando monitoramento de disco...
Thu Oct  2 14:19:38 -03 2025: Iniciando monitoramento de disco...
Thu Oct  2 14:26:03 -03 2025: Iniciando monitoramento de disco...
Thu Oct  2 14:50:25 -03 2025: Iniciando monitoramento de disco...
Thu Oct  2 14:52:44 -03 2025: Iniciando monitoramento de disco...
